
[1m[7m[36m RUN [39m[27m[22m [36mv2.1.9 [39m[90mD:/Code/match-3[39m

 [31m❯[39m tests/unit/gowLaneL5B05Repro.test.ts [2m([22m[2m1 test[22m[2m | [22m[31m1 failed[39m[2m)[22m[90m 13[2mms[22m[39m
[31m   [31m×[31m L5-016 troop:7439 spell 9131: native Target Enemy / FromTarget (prototype used enemyRandom)[2m > [22mthe chosen enemy 11 is the one Stunned and knocked to the back on every seed[90m 13[2mms[22m[31m[39m
[31m     → expected [ 12 ] to deeply equal [ 11 ][39m

[31m⎯⎯⎯⎯⎯⎯⎯[1m[7m Failed Tests 1 [27m[22m⎯⎯⎯⎯⎯⎯⎯[39m

[31m[1m[7m FAIL [27m[22m[39m tests/unit/gowLaneL5B05Repro.test.ts[2m > [22mL5-016 troop:7439 spell 9131: native Target Enemy / FromTarget (prototype used enemyRandom)[2m > [22mthe chosen enemy 11 is the one Stunned and knocked to the back on every seed
[31m[1mAssertionError[22m: expected [ 12 ] to deeply equal [ 11 ][39m

[32m- Expected[39m
[31m+ Received[39m

[2m  Array [[22m
[32m-   11,[39m
[31m+   12,[39m
[2m  ][22m

[36m [2m❯[22m tests/unit/gowLaneL5B05Repro.test.ts:[2m22:115[22m[39m
    [90m 20| [39m   engine[33m.[39m[34msetTargetChooser[39m([35mnew[39m [33mFixedTargetChooser[39m([34m11[39m))[33m;[39m
    [90m 21| [39m   [35mconst[39m ev[33m=[39mengine[33m.[39m[34mcastSkill[39m([34m0[39m)[33m;[39m
    [90m 22| [39m   [34mexpect[39m(ev[33m.[39m[34mfilter[39m(e[33m=>[39me[33m.[39mtype[33m===[39m[32m'status-apply'[39m[33m&&[39me[33m.[39mstatusId[33m===[39m[32m'stun'[39m)[33m.[39m[34mm[39m…
    [90m   | [39m                                                                                                                  [31m^[39m
    [90m 23| [39m   [34mexpect[39m(f[33m.[39mstate[33m.[39mteams[33m.[39m[33mRight[39m[33m.[39mcharacters[33m.[39m[34mmap[39m(c[33m=>[39mc[33m.[39mid))[33m.[39m[34mtoEqual[39m([[34m10[39m[33m,[39m[34m12[39m[33m,[39m…
    [90m 24| [39m   [34mexpect[39m(f[33m.[39mstate[33m.[39mteams[33m.[39m[33mLeft[39m[33m.[39mcharacters[33m.[39m[34mmap[39m(c[33m=>[39mc[33m.[39mid))[33m.[39m[34mtoEqual[39m([[34m0[39m[33m,[39m[34m1[39m])[33m;[39m

[31m[2m⎯⎯⎯⎯⎯⎯⎯⎯⎯⎯⎯⎯⎯⎯⎯⎯⎯⎯⎯⎯⎯⎯⎯⎯[1/1]⎯[22m[39m

[2m Test Files [22m [1m[31m1 failed[39m[22m[90m (1)[39m
[2m      Tests [22m [1m[31m1 failed[39m[22m[90m (1)[39m
[2m   Start at [22m 05:04:17
[2m   Duration [22m 2.18s[2m (transform 1.26s, setup 0ms, collect 1.81s, tests 13ms, environment 0ms, prepare 116ms)[22m

