
[1m[7m[36m RUN [39m[27m[22m [36mv2.1.9 [39m[90mD:/Code/match-3[39m

[90mstdout[2m | tests/unit/gowLaneL5B06.test.ts[2m > [22m[2mL5 troop:6209 / spell:7351 Magic+2 damage to an enemy and Web them[2m > [22m[2mR001 equivalence: native order (Web before damage) gives the same end state in every scenario
[22m[39mEQDIFF [] [{},{},{},{"hp":3}] [[[1000,0,11,false,[]],[1000,0,11,false,[]],[1000,0,11,false,[]],[0,0,11,true,[]]],1000,0] [[[1000,0,11,false,[]],[1000,0,11,false,[]],[1000,0,11,false,[]],[0,0,11,true,["web"]]],1000,0]

 [31m❯[39m tests/unit/gowLaneL5B06.test.ts [2m([22m[2m47 tests[22m[2m | [22m[31m1 failed[39m[2m | [22m[33m46 skipped[39m[2m)[22m[90m 33[2mms[22m[39m
[31m   [31m×[31m L5 troop:6209 / spell:7351 Magic+2 damage to an enemy and Web them[2m > [22mR001 equivalence: native order (Web before damage) gives the same end state in every scenario[90m 33[2mms[22m[31m[39m
[31m     → expected '[[[1000,0,11,false,[]],[1000,0,11,fal…' to be '[[[1000,0,11,false,[]],[1000,0,11,fal…' // Object.is equality[39m

[31m⎯⎯⎯⎯⎯⎯⎯[1m[7m Failed Tests 1 [27m[22m⎯⎯⎯⎯⎯⎯⎯[39m

[31m[1m[7m FAIL [27m[22m[39m tests/unit/gowLaneL5B06.test.ts[2m > [22mL5 troop:6209 / spell:7351 Magic+2 damage to an enemy and Web them[2m > [22mR001 equivalence: native order (Web before damage) gives the same end state in every scenario
[31m[1mAssertionError[22m: expected '[[[1000,0,11,false,[]],[1000,0,11,fal…' to be '[[[1000,0,11,false,[]],[1000,0,11,fal…' // Object.is equality[39m

Expected: [32m"[[[1000,0,11,false,[]],[1000,0,11,false,[]],[1000,0,11,false,[]],[0,0,11,true,[[7m"web"[27m]]],1000,0]"[39m
Received: [31m"[[[1000,0,11,false,[]],[1000,0,11,false,[]],[1000,0,11,false,[]],[0,0,11,true,[]]],1000,0]"[39m

[36m [2m❯[22m tests/unit/gowLaneL5B06.test.ts:[2m154:130[22m[39m
    [90m152| [39m    [35mreturn[39m [33mJSON[39m[33m.[39m[34mstringify[39m([f[33m.[39mfoes[33m.[39m[34mmap[39m(e[33m=>[39m[e[33m.[39mhp[33m,[39me[33m.[39marmor[33m,[39me[33m.[39mmagic[33m,[39me[33m.[39mdefea…
    [90m153| [39m   }[33m;[39m
    [90m154| [39m   [35mconst[39m [x[33m,[39my][33m=[39m[[34mrun[39m(registry)[33m,[39m[34mrun[39m(reg2)][33m;[39m[35mif[39m(x[33m!==[39my)console[33m.[39m[34mlog[39m([32m'EQDIFF'[39m…
    [90m   | [39m                                                                                                                                 [31m^[39m
    [90m155| [39m  }
    [90m156| [39m })[33m;[39m

[31m[2m⎯⎯⎯⎯⎯⎯⎯⎯⎯⎯⎯⎯⎯⎯⎯⎯⎯⎯⎯⎯⎯⎯⎯⎯[1/1]⎯[22m[39m

[2m Test Files [22m [1m[31m1 failed[39m[22m[90m (1)[39m
[2m      Tests [22m [1m[31m1 failed[39m[22m[2m | [22m[33m46 skipped[39m[90m (47)[39m
[2m   Start at [22m 05:26:58
[2m   Duration [22m 2.25s[2m (transform 1.30s, setup 0ms, collect 1.97s, tests 33ms, environment 0ms, prepare 79ms)[22m

