
[1m[7m[36m RUN [39m[27m[22m [36mv2.1.9 [39m[90mD:/Code/match-3[39m

 [31m❯[39m tests/unit/gowLaneL5B05.test.ts [2m([22m[2m45 tests[22m[2m | [22m[31m8 failed[39m[2m)[22m[33m 355[2mms[22m[39m
[31m   [31m×[31m L5 troop:7862 / spell:9937 Stun all enemies, then Magic+5 splash to 3 random enemies[2m > [22mtwo living enemies: still three waves, the third re-hits one of them (R006-C3); lone enemy takes all three[90m 11[2mms[22m[31m[39m
[31m     → expected 1961 to be 1973 // Object.is equality[39m
[31m   [31m×[31m L5 troop:7439 / spell:9131 Stun + knock the chosen enemy back, move self front, +2M+1 Attack/Life/Armor[2m > [22msource, native steps, binding, cost/colours, prototype (native order, chosen target) and Chinese display[90m 3[2mms[22m[31m[39m
[31m     → expected { segments: [ { …(3) }, …(5) ] } to deeply equal { segments: [ { …(4) }, …(5) ] }[39m
[31m   [31m×[31m L5 troop:7439 / spell:9131 Stun + knock the chosen enemy back, move self front, +2M+1 Attack/Life/Armor[2m > [22mFIXED L5-016: real cast side=Left magic=0: chosen 11 Stunned and sent to the back; caster to front with +2M+1 Attack/Life/Armor[90m 3[2mms[22m[31m[39m
[31m     → expected [ 12 ] to deeply equal [ 11 ][39m
[31m   [31m×[31m L5 troop:7439 / spell:9131 Stun + knock the chosen enemy back, move self front, +2M+1 Attack/Life/Armor[2m > [22mFIXED L5-016: real cast side=Left magic=5: chosen 11 Stunned and sent to the back; caster to front with +2M+1 Attack/Life/Armor[90m 2[2mms[22m[31m[39m
[31m     → expected [ 12 ] to deeply equal [ 11 ][39m
[31m   [31m×[31m L5 troop:7439 / spell:9131 Stun + knock the chosen enemy back, move self front, +2M+1 Attack/Life/Armor[2m > [22mFIXED L5-016: real cast side=Right magic=0: chosen 11 Stunned and sent to the back; caster to front with +2M+1 Attack/Life/Armor[90m 3[2mms[22m[31m[39m
[31m     → expected [ 12 ] to deeply equal [ 11 ][39m
[31m   [31m×[31m L5 troop:7439 / spell:9131 Stun + knock the chosen enemy back, move self front, +2M+1 Attack/Life/Armor[2m > [22mFIXED L5-016: real cast side=Right magic=5: chosen 11 Stunned and sent to the back; caster to front with +2M+1 Attack/Life/Armor[90m 2[2mms[22m[31m[39m
[31m     → expected [ 12 ] to deeply equal [ 11 ][39m
[31m   [31m×[31m L5 troop:7439 / spell:9131 Stun + knock the chosen enemy back, move self front, +2M+1 Attack/Life/Armor[2m > [22mFIXED L5-016: every seed uses the chosen enemy (not a random one)[90m 8[2mms[22m[31m[39m
[31m     → expected [ 10, 12, 13, 11 ] to deeply equal [ 10, 11, 13, 12 ][39m
[31m   [31m×[31m L5 troop:7439 / spell:9131 Stun + knock the chosen enemy back, move self front, +2M+1 Attack/Life/Armor[2m > [22mStun-immune chosen enemy is still knocked back; last enemy chosen stays last; caster already first stays first[90m 4[2mms[22m[31m[39m
[31m     → expected [ 12 ] to deeply equal [][39m

[31m⎯⎯⎯⎯⎯⎯⎯[1m[7m Failed Tests 8 [27m[22m⎯⎯⎯⎯⎯⎯⎯[39m

[31m[1m[7m FAIL [27m[22m[39m tests/unit/gowLaneL5B05.test.ts[2m > [22mL5 troop:7862 / spell:9937 Stun all enemies, then Magic+5 splash to 3 random enemies[2m > [22mtwo living enemies: still three waves, the third re-hits one of them (R006-C3); lone enemy takes all three
[31m[1mAssertionError[22m: expected 1961 to be 1973 // Object.is equality[39m

[32m- Expected[39m
[31m+ Received[39m

[32m- 1973[39m
[31m+ 1961[39m

[36m [2m❯[22m tests/unit/gowLaneL5B05.test.ts:[2m155:37[22m[39m
    [90m153| [39m  [35mconst[39m a[33m=[39m[34msetup[39m({skill[33m:[39m[33mSK[39m[33m,[39mcost[33m:[39m[33mCOST[39m[33m,[39mcolors[33m:[39m[33mCOLORS[39m[33m,[39mside[33m:[39m[33mPlayerSide[39m[33m.[39m[33mLeft[39m…
    [90m154| [39m  [35mconst[39m c[33m=[39m[34mcentresOf[39m(a[33m.[39m[34mcast[39m())[33m;[39m[34mexpect[39m(c)[33m.[39m[34mtoHaveLength[39m([34m3[39m)[33m;[39m[34mexpect[39m([35mnew[39m [33mSet[39m…
    [90m155| [39m  [34mexpect[39m(a[33m.[39mfoes[[34m1[39m][33m.[39mhp[33m+[39ma[33m.[39mfoes[[34m3[39m][33m.[39mhp)[33m.[39m[34mtoBe[39m([34m2000[39m[33m-[39m[34m27[39m)[33m;[39m
    [90m   | [39m                                    [31m^[39m
    [90m156| [39m  [35mconst[39m b[33m=[39m[34msetup[39m({skill[33m:[39m[33mSK[39m[33m,[39mcost[33m:[39m[33mCOST[39m[33m,[39mcolors[33m:[39m[33mCOLORS[39m[33m,[39mside[33m:[39m[33mPlayerSide[39m[33m.[39m[33mRigh[39m…
    [90m157| [39m  [34mexpect[39m([34mcentresOf[39m(b[33m.[39m[34mcast[39m()))[33m.[39m[34mtoEqual[39m([[34m12[39m[33m,[39m[34m12[39m[33m,[39m[34m12[39m])[33m;[39m[34mexpect[39m(b[33m.[39mfoes[[34m2[39m][33m.[39mhp)…

[31m[2m⎯⎯⎯⎯⎯⎯⎯⎯⎯⎯⎯⎯⎯⎯⎯⎯⎯⎯⎯⎯⎯⎯⎯⎯[1/8]⎯[22m[39m

[31m[1m[7m FAIL [27m[22m[39m tests/unit/gowLaneL5B05.test.ts[2m > [22mL5 troop:7439 / spell:9131 Stun + knock the chosen enemy back, move self front, +2M+1 Attack/Life/Armor[2m > [22msource, native steps, binding, cost/colours, prototype (native order, chosen target) and Chinese display
[31m[1mAssertionError[22m: expected { segments: [ { …(3) }, …(5) ] } to deeply equal { segments: [ { …(4) }, …(5) ] }[39m

[32m- Expected[39m
[31m+ Received[39m

[2m  Object {[22m
[2m    "segments": Array [[22m
[2m      Object {[22m
[31m+       "kind": "reposition",[39m
[31m+       "target": "enemyRandom",[39m
[31m+       "to": "back",[39m
[31m+     },[39m
[31m+     Object {[39m
[2m        "kind": "status",[22m
[2m        "statusId": "stun",[22m
[32m-       "target": "enemyChosen",[39m
[31m+       "target": "lastTarget",[39m
[2m        "turns": 3,[22m
[2m      },[22m
[2m      Object {[22m
[2m        "kind": "reposition",[22m
[32m-       "target": "lastTarget",[39m
[32m-       "to": "back",[39m
[31m+       "target": "allySelf",[39m
[31m+       "to": "front",[39m
[2m      },[22m
[2m      Object {[22m
[2m        "kind": "buff",[22m
[2m        "scaling": Object {[22m
[2m          "base": 1,[22m
[2m          "mult": 2,[22m
[2m        },[22m
[2m        "stat": "attack",[22m
[2m        "target": "allySelf",[22m
[2m      },[22m
[2m      Object {[22m
[2m        "kind": "buff",[22m
[2m        "lifeMode": "gain",[22m
[2m        "scaling": Object {[22m
[2m          "base": 1,[22m
[2m          "mult": 2,[22m
[2m        },[22m
[2m        "stat": "hp",[22m
[2m        "target": "allySelf",[22m
[2m      },[22m
[2m      Object {[22m
[2m        "kind": "buff",[22m
[2m        "scaling": Object {[22m
[2m          "base": 1,[22m
[2m          "mult": 2,[22m
[2m        },[22m
[2m        "stat": "armor",[22m
[2m        "target": "allySelf",[22m
[32m-     },[39m
[32m-     Object {[39m
[32m-       "kind": "reposition",[39m
[32m-       "target": "allySelf",[39m
[32m-       "to": "front",[39m
[2m      },[22m
[2m    ],[22m
[2m  }[22m

[36m [2m❯[22m tests/unit/gowLaneL5B05.test.ts:[2m181:39[22m[39m
    [90m179| [39m   {[33mTarget[39m[33m:[39m[32m'Self'[39m[33m,[39m[33mType[39m[33m:[39m[32m'TroopOrderFront'[39m}[33m,[39m
    [90m180| [39m  ])[33m;[39m
    [90m181| [39m  [34mexpect[39m(registry[33m.[39mprototypes[33m.[39m[35mget[39m([33mSK[39m))[33m.[39m[34mtoEqual[39m({segments[33m:[39m[
    [90m   | [39m                                      [31m^[39m
    [90m182| [39m   {kind[33m:[39m[32m'status'[39m[33m,[39mtarget[33m:[39m[32m'enemyChosen'[39m[33m,[39mstatusId[33m:[39m[32m'stun'[39m[33m,[39mturns[33m:[39m[34m3[39m}[33m,[39m
    [90m183| [39m   {kind[33m:[39m[32m'reposition'[39m[33m,[39mtarget[33m:[39m[32m'lastTarget'[39m[33m,[39mto[33m:[39m[32m'back'[39m}[33m,[39m

[31m[2m⎯⎯⎯⎯⎯⎯⎯⎯⎯⎯⎯⎯⎯⎯⎯⎯⎯⎯⎯⎯⎯⎯⎯⎯[2/8]⎯[22m[39m

[31m[1m[7m FAIL [27m[22m[39m tests/unit/gowLaneL5B05.test.ts[2m > [22mL5 troop:7439 / spell:9131 Stun + knock the chosen enemy back, move self front, +2M+1 Attack/Life/Armor[2m > [22mFIXED L5-016: real cast side=Left magic=0: chosen 11 Stunned and sent to the back; caster to front with +2M+1 Attack/Life/Armor
[31m[1m[7m FAIL [27m[22m[39m tests/unit/gowLaneL5B05.test.ts[2m > [22mL5 troop:7439 / spell:9131 Stun + knock the chosen enemy back, move self front, +2M+1 Attack/Life/Armor[2m > [22mFIXED L5-016: real cast side=Left magic=5: chosen 11 Stunned and sent to the back; caster to front with +2M+1 Attack/Life/Armor
[31m[1m[7m FAIL [27m[22m[39m tests/unit/gowLaneL5B05.test.ts[2m > [22mL5 troop:7439 / spell:9131 Stun + knock the chosen enemy back, move self front, +2M+1 Attack/Life/Armor[2m > [22mFIXED L5-016: real cast side=Right magic=0: chosen 11 Stunned and sent to the back; caster to front with +2M+1 Attack/Life/Armor
[31m[1m[7m FAIL [27m[22m[39m tests/unit/gowLaneL5B05.test.ts[2m > [22mL5 troop:7439 / spell:9131 Stun + knock the chosen enemy back, move self front, +2M+1 Attack/Life/Armor[2m > [22mFIXED L5-016: real cast side=Right magic=5: chosen 11 Stunned and sent to the back; caster to front with +2M+1 Attack/Life/Armor
[31m[1mAssertionError[22m: expected [ 12 ] to deeply equal [ 11 ][39m

[32m- Expected[39m
[31m+ Received[39m

[2m  Array [[22m
[32m-   11,[39m
[31m+   12,[39m
[2m  ][22m

[36m [2m❯[22m tests/unit/gowLaneL5B05.test.ts:[2m194:30[22m[39m
    [90m192| [39m  [35mconst[39m f[33m=[39m[34msetup[39m({skill[33m:[39m[33mSK[39m[33m,[39mcost[33m:[39m[33mCOST[39m[33m,[39mcolors[33m:[39m[33mCOLORS[39m[33m,[39mside[33m,[39mmagic[33m,[39mchosen[33m:[39m[34m11[39m…
    [90m193| [39m  [35mconst[39m ev[33m=[39mf[33m.[39m[34mcast[39m()[33m;[39m[35mconst[39m g[33m=[39m[34m2[39m[33m*[39mmagic[33m+[39m[34m1[39m[33m;[39m
    [90m194| [39m  [34mexpect[39m([34mapplied[39m(ev[33m,[39m[32m'stun'[39m))[33m.[39m[34mtoEqual[39m([[34m11[39m])[33m;[39m
    [90m   | [39m                             [31m^[39m
    [90m195| [39m  [34mexpect[39m(f[33m.[39mstate[33m.[39mteams[f[33m.[39mother][33m.[39mcharacters[33m.[39m[34mmap[39m(c[33m=>[39mc[33m.[39mid))[33m.[39m[34mtoEqual[39m([[34m10[39m[33m,[39m[34m1[39m…
    [90m196| [39m  [34mexpect[39m(f[33m.[39mstate[33m.[39mteams[side][33m.[39mcharacters[33m.[39m[34mmap[39m(c[33m=>[39mc[33m.[39mid))[33m.[39m[34mtoEqual[39m([[34m0[39m[33m,[39m[34m1[39m])[33m;[39m

[31m[2m⎯⎯⎯⎯⎯⎯⎯⎯⎯⎯⎯⎯⎯⎯⎯⎯⎯⎯⎯⎯⎯⎯⎯⎯[3/8]⎯[22m[39m

[31m[1m[7m FAIL [27m[22m[39m tests/unit/gowLaneL5B05.test.ts[2m > [22mL5 troop:7439 / spell:9131 Stun + knock the chosen enemy back, move self front, +2M+1 Attack/Life/Armor[2m > [22mFIXED L5-016: every seed uses the chosen enemy (not a random one)
[31m[1mAssertionError[22m: expected [ 10, 12, 13, 11 ] to deeply equal [ 10, 11, 13, 12 ][39m

[32m- Expected[39m
[31m+ Received[39m

[2m  Array [[22m
[2m    10,[22m
[32m-   11,[39m
[32m-   13,[39m
[2m    12,[22m
[31m+   13,[39m
[31m+   11,[39m
[2m  ][22m

[36m [2m❯[22m tests/unit/gowLaneL5B05.test.ts:[2m204:68[22m[39m
    [90m202| [39m  [35mfor[39m([35mlet[39m seed[33m=[39m[34m0[39m[33m;[39mseed[33m<[39m[34m10[39m[33m;[39mseed[33m++[39m){
    [90m203| [39m   [35mconst[39m f[33m=[39m[34msetup[39m({skill[33m:[39m[33mSK[39m[33m,[39mcost[33m:[39m[33mCOST[39m[33m,[39mcolors[33m:[39m[33mCOLORS[39m[33m,[39mside[33m:[39m[33mPlayerSide[39m[33m.[39m[33mLef[39m…
    [90m204| [39m   f[33m.[39m[34mcast[39m()[33m;[39m[34mexpect[39m(f[33m.[39mstate[33m.[39mteams[f[33m.[39mother][33m.[39mcharacters[33m.[39m[34mmap[39m(c[33m=>[39mc[33m.[39mid))[33m.[39m[34mtoE[39m…
    [90m   | [39m                                                                   [31m^[39m
    [90m205| [39m  }
    [90m206| [39m })[33m;[39m

[31m[2m⎯⎯⎯⎯⎯⎯⎯⎯⎯⎯⎯⎯⎯⎯⎯⎯⎯⎯⎯⎯⎯⎯⎯⎯[4/8]⎯[22m[39m

[31m[1m[7m FAIL [27m[22m[39m tests/unit/gowLaneL5B05.test.ts[2m > [22mL5 troop:7439 / spell:9131 Stun + knock the chosen enemy back, move self front, +2M+1 Attack/Life/Armor[2m > [22mStun-immune chosen enemy is still knocked back; last enemy chosen stays last; caster already first stays first
[31m[1mAssertionError[22m: expected [ 12 ] to deeply equal [][39m

[32m- Expected[39m
[31m+ Received[39m

[32m- Array [][39m
[31m+ Array [[39m
[31m+   12,[39m
[31m+ ][39m

[36m [2m❯[22m tests/unit/gowLaneL5B05.test.ts:[2m209:50[22m[39m
    [90m207| [39m [34mit[39m([32m'Stun-immune chosen enemy is still knocked back; last enemy chosen[39m…
    [90m208| [39m  [35mconst[39m a[33m=[39m[34msetup[39m({skill[33m:[39m[33mSK[39m[33m,[39mcost[33m:[39m[33mCOST[39m[33m,[39mcolors[33m:[39m[33mCOLORS[39m[33m,[39mside[33m:[39m[33mPlayerSide[39m[33m.[39m[33mLeft[39m…
    [90m209| [39m  [35mconst[39m aev[33m=[39ma[33m.[39m[34mcast[39m()[33m;[39m[34mexpect[39m([34mapplied[39m(aev[33m,[39m[32m'stun'[39m))[33m.[39m[34mtoEqual[39m([])[33m;[39m[34mexpect[39m(a[33m.[39m…
    [90m   | [39m                                                 [31m^[39m
    [90m210| [39m  [35mconst[39m b[33m=[39m[34msetup[39m({skill[33m:[39m[33mSK[39m[33m,[39mcost[33m:[39m[33mCOST[39m[33m,[39mcolors[33m:[39m[33mCOLORS[39m[33m,[39mside[33m:[39m[33mPlayerSide[39m[33m.[39m[33mRigh[39m…
    [90m211| [39m  b[33m.[39m[34mcast[39m()[33m;[39m[34mexpect[39m(b[33m.[39mstate[33m.[39mteams[b[33m.[39mother][33m.[39mcharacters[33m.[39m[34mmap[39m(c[33m=>[39mc[33m.[39mid))[33m.[39m[34mtoEq[39m…

[31m[2m⎯⎯⎯⎯⎯⎯⎯⎯⎯⎯⎯⎯⎯⎯⎯⎯⎯⎯⎯⎯⎯⎯⎯⎯[5/8]⎯[22m[39m

[2m Test Files [22m [1m[31m1 failed[39m[22m[90m (1)[39m
[2m      Tests [22m [1m[31m8 failed[39m[22m[2m | [22m[1m[32m37 passed[39m[22m[90m (45)[39m
[2m   Start at [22m 05:07:24
[2m   Duration [22m 5.14s[2m (transform 2.70s, setup 0ms, collect 4.04s, tests 355ms, environment 0ms, prepare 264ms)[22m

