2026-09-27T18:17:51.302Z acquire verify coord
2026-09-27T18:18:58.817Z release verify coord
2026-09-27T18:25:48.702Z acquire src sa-L5
2026-09-27T18:59:01.373Z release src sa-L5
2026-09-27T18:59:35.923Z acquire src sa-L76
2026-09-27T19:16:22.651Z release src sa-L76
2026-09-27T19:16:26.886Z acquire src sa-L5
2026-09-27T19:29:31.011Z release src sa-L5
2026-09-27T19:29:52.290Z acquire src sa-L76
2026-09-27T19:37:59.772Z release src sa-L76
2026-09-27T19:38:00.041Z acquire src sa-L5
2026-09-27T19:44:42.958Z release src sa-L5
2026-09-27T19:44:45.244Z acquire src sa-L4b
2026-09-27T20:05:11.178Z release src sa-L4b
2026-09-27T20:16:08.787Z acquire verify coord
2026-09-27T20:18:50.601Z release verify coord
2026-09-27T20:29:15.580Z acquire src sa-L5
2026-09-27T20:53:05.143Z release src sa-L5
2026-09-27T20:53:06.474Z acquire src sa-L2
2026-09-27T21:03:22.545Z release src sa-L2
2026-09-27T21:03:25.465Z acquire src sa-L3
2026-09-27T21:19:30.753Z release src sa-L3
2026-09-27T21:19:31.612Z acquire src sa-L1
2026-09-27T21:37:59.007Z release src sa-L1
2026-09-27T21:38:02.211Z acquire src sa-L5
2026-09-27T22:23:02.514Z stale-takeover src from sa-L5 by sa-L3
2026-09-27T22:23:02.522Z acquire src sa-L3
2026-09-27T22:33:26.420Z release src sa-L3
2026-09-27T22:33:28.826Z acquire src sa-L2
2026-09-27T22:45:58.036Z release src sa-L2
